127.0.0.1 - - [01/Dec/2015:02:39:35 -0500] "GET / HTTP/1.1" 404 994
0:0:0:0:0:0:0:1 - - [01/Dec/2015:02:40:02 -0500] "GET /Rideable/ride/user HTTP/1.1" 500 15603
127.0.0.1 - - [01/Dec/2015:02:41:12 -0500] "GET / HTTP/1.1" 404 994
0:0:0:0:0:0:0:1 - - [01/Dec/2015:02:41:20 -0500] "GET /Rideable/ride/user HTTP/1.1" 500 16262
127.0.0.1 - - [01/Dec/2015:02:43:26 -0500] "GET / HTTP/1.1" 404 994
0:0:0:0:0:0:0:1 - - [01/Dec/2015:02:43:32 -0500] "GET /Rideable/ride/user HTTP/1.1" 500 16246
127.0.0.1 - - [01/Dec/2015:02:45:27 -0500] "GET / HTTP/1.1" 404 994
0:0:0:0:0:0:0:1 - - [01/Dec/2015:02:45:34 -0500] "GET /Rideable/ride/user HTTP/1.1" 500 15262
127.0.0.1 - - [01/Dec/2015:02:52:16 -0500] "GET / HTTP/1.1" 404 994
0:0:0:0:0:0:0:1 - - [01/Dec/2015:02:52:26 -0500] "GET /Rideable/ride/user HTTP/1.1" 500 14964
127.0.0.1 - - [01/Dec/2015:02:55:45 -0500] "GET / HTTP/1.1" 404 994
0:0:0:0:0:0:0:1 - - [01/Dec/2015:02:55:57 -0500] "GET /Rideable/ride/user HTTP/1.1" 200 8
0:0:0:0:0:0:0:1 - - [01/Dec/2015:02:56:01 -0500] "GET /Rideable/ride/ad HTTP/1.1" 500 13582
127.0.0.1 - - [01/Dec/2015:02:57:20 -0500] "GET / HTTP/1.1" 404 994
0:0:0:0:0:0:0:1 - - [01/Dec/2015:02:57:28 -0500] "GET /Rideable/ride/ad HTTP/1.1" 200 11
127.0.0.1 - - [01/Dec/2015:03:04:55 -0500] "GET /Rideable/ride/user/a.a@a.com HTTP/1.1" 500 5075
127.0.0.1 - - [01/Dec/2015:03:05:37 -0500] "GET /Rideable/ride/user/a.a@a.com HTTP/1.1" 500 5075
127.0.0.1 - - [01/Dec/2015:03:11:21 -0500] "GET / HTTP/1.1" 404 994
0:0:0:0:0:0:0:1 - - [01/Dec/2015:03:11:39 -0500] "GET /Rideable/ride/user/1 HTTP/1.1" 500 5075
0:0:0:0:0:0:0:1 - - [01/Dec/2015:03:12:41 -0500] "GET /Rideable/ride/user/a.a@a.com HTTP/1.1" 500 5075
127.0.0.1 - - [01/Dec/2015:03:12:54 -0500] "GET / HTTP/1.1" 404 994
0:0:0:0:0:0:0:1 - - [01/Dec/2015:03:13:10 -0500] "GET /Rideable/ride/user/a.a@a.com HTTP/1.1" 500 5075
127.0.0.1 - - [01/Dec/2015:03:31:40 -0500] "GET / HTTP/1.1" 404 994
0:0:0:0:0:0:0:1 - - [01/Dec/2015:03:31:55 -0500] "GET /Rideable/ride/user HTTP/1.1" 200 8
0:0:0:0:0:0:0:1 - - [01/Dec/2015:03:31:59 -0500] "GET /Rideable/ride/ad HTTP/1.1" 200 11
127.0.0.1 - - [01/Dec/2015:03:32:55 -0500] "GET /Rideable/ride/user/a.a@a.com HTTP/1.1" 200 79
127.0.0.1 - - [01/Dec/2015:03:32:55 -0500] "POST /Rideable/ride/user HTTP/1.1" 500 11777
127.0.0.1 - - [01/Dec/2015:03:37:41 -0500] "GET / HTTP/1.1" 404 994
127.0.0.1 - - [01/Dec/2015:03:38:30 -0500] "POST /Rideable/ride/user HTTP/1.1" 500 11777
127.0.0.1 - - [01/Dec/2015:03:38:31 -0500] "GET /Rideable/ride/user/a.a@a.com HTTP/1.1" 200 79
127.0.0.1 - - [01/Dec/2015:03:43:50 -0500] "GET / HTTP/1.1" 404 994
127.0.0.1 - - [01/Dec/2015:03:44:36 -0500] "GET /Rideable/ride/user/a.a@a.com HTTP/1.1" 500 5075
127.0.0.1 - - [01/Dec/2015:03:44:36 -0500] "POST /Rideable/ride/user HTTP/1.1" 200 100
127.0.0.1 - - [01/Dec/2015:03:51:57 -0500] "GET / HTTP/1.1" 404 994
127.0.0.1 - - [01/Dec/2015:03:53:04 -0500] "POST /Rideable/ride/user HTTP/1.1" 500 11777
127.0.0.1 - - [01/Dec/2015:03:53:04 -0500] "GET /Rideable/ride/user/a.a@a.com HTTP/1.1" 500 5075
127.0.0.1 - - [01/Dec/2015:03:53:35 -0500] "GET / HTTP/1.1" 404 994
127.0.0.1 - - [01/Dec/2015:03:54:04 -0500] "POST /Rideable/ride/user HTTP/1.1" 500 11777
127.0.0.1 - - [01/Dec/2015:03:54:04 -0500] "GET /Rideable/ride/user/a.a@a.com HTTP/1.1" 500 5075
127.0.0.1 - - [01/Dec/2015:04:01:49 -0500] "GET / HTTP/1.1" 404 994
0:0:0:0:0:0:0:1 - - [01/Dec/2015:04:01:57 -0500] "GET /Rideable/ride/user/a.a@a.com HTTP/1.1" 500 5075
127.0.0.1 - - [01/Dec/2015:04:11:33 -0500] "GET / HTTP/1.1" 404 994
127.0.0.1 - - [01/Dec/2015:04:13:04 -0500] "POST /Rideable/ride/user HTTP/1.1" 500 7963
127.0.0.1 - - [01/Dec/2015:04:13:04 -0500] "GET /Rideable/ride/user/a.a@a.com HTTP/1.1" 500 30480
127.0.0.1 - - [01/Dec/2015:04:14:48 -0500] "GET / HTTP/1.1" 404 994
127.0.0.1 - - [01/Dec/2015:04:16:00 -0500] "POST /Rideable/ride/user HTTP/1.1" 500 11777
127.0.0.1 - - [01/Dec/2015:04:16:03 -0500] "GET /Rideable/ride/user/a.a@a.com HTTP/1.1" 200 79
127.0.0.1 - - [01/Dec/2015:04:37:00 -0500] "GET / HTTP/1.1" 404 994
127.0.0.1 - - [01/Dec/2015:04:38:19 -0500] "GET /Rideable/ride/user/a.a@a.com HTTP/1.1" 200 98
127.0.0.1 - - [01/Dec/2015:04:38:19 -0500] "POST /Rideable/ride/user HTTP/1.1" 200 98
127.0.0.1 - - [01/Dec/2015:04:39:34 -0500] "GET /Rideable/ride/user/A.A@A.COM HTTP/1.1" 200 79
127.0.0.1 - - [01/Dec/2015:04:40:03 -0500] "GET /Rideable/ride/user/a.a@a.com HTTP/1.1" 200 98
127.0.0.1 - - [01/Dec/2015:04:51:12 -0500] "GET /Rideable/ride/user/a.a@a.com HTTP/1.1" 200 98
127.0.0.1 - - [01/Dec/2015:04:51:58 -0500] "GET /Rideable/ride/user/a.a@a.com HTTP/1.1" 200 98
127.0.0.1 - - [01/Dec/2015:05:08:53 -0500] "GET / HTTP/1.1" 404 994
127.0.0.1 - - [01/Dec/2015:05:15:24 -0500] "GET /Rideable/ride/user/a.a@a.com HTTP/1.1" 200 98
127.0.0.1 - - [01/Dec/2015:05:15:24 -0500] "GET /Rideable/ride/user/a.a@a.com HTTP/1.1" 200 98
127.0.0.1 - - [01/Dec/2015:05:15:28 -0500] "GET /Rideable/ride/user/a.a@a.com HTTP/1.1" 200 98
127.0.0.1 - - [01/Dec/2015:05:16:26 -0500] "POST /Rideable/ride/ad HTTP/1.1" 500 4400
127.0.0.1 - - [01/Dec/2015:05:22:48 -0500] "GET / HTTP/1.1" 404 994
127.0.0.1 - - [01/Dec/2015:05:23:20 -0500] "GET /Rideable/ride/user/a.a@a.com HTTP/1.1" 200 98
127.0.0.1 - - [01/Dec/2015:05:23:23 -0500] "GET /Rideable/ride/user/a.a@a.com HTTP/1.1" 200 98
127.0.0.1 - - [01/Dec/2015:05:24:25 -0500] "POST /Rideable/ride/ad HTTP/1.1" 500 11781
127.0.0.1 - - [01/Dec/2015:05:26:19 -0500] "GET / HTTP/1.1" 404 994
127.0.0.1 - - [01/Dec/2015:05:26:51 -0500] "POST /Rideable/ride/ad HTTP/1.1" 200 200
127.0.0.1 - - [01/Dec/2015:05:29:35 -0500] "GET / HTTP/1.1" 404 994
127.0.0.1 - - [01/Dec/2015:05:30:07 -0500] "POST /Rideable/ride/ad HTTP/1.1" 200 200
127.0.0.1 - - [01/Dec/2015:05:35:08 -0500] "GET / HTTP/1.1" 404 994
127.0.0.1 - - [01/Dec/2015:05:35:32 -0500] "POST /Rideable/ride/ad HTTP/1.1" 500 4292
127.0.0.1 - - [01/Dec/2015:05:37:18 -0500] "GET / HTTP/1.1" 404 994
127.0.0.1 - - [01/Dec/2015:05:37:38 -0500] "POST /Rideable/ride/ad HTTP/1.1" 500 4292
127.0.0.1 - - [01/Dec/2015:05:49:52 -0500] "GET /Rideable/ride/user/a.a@a.com HTTP/1.1" 200 98
127.0.0.1 - - [01/Dec/2015:05:49:57 -0500] "GET /Rideable/ride/user/a.a@a.com HTTP/1.1" 200 98
127.0.0.1 - - [01/Dec/2015:15:26:37 -0500] "GET / HTTP/1.1" 404 994
127.0.0.1 - - [01/Dec/2015:15:57:42 -0500] "GET /Rideable/ride/user/a.a@a.com HTTP/1.1" 200 98
127.0.0.1 - - [01/Dec/2015:15:57:44 -0500] "GET /Rideable/ride/user/a.a@a.com HTTP/1.1" 200 98
127.0.0.1 - - [01/Dec/2015:16:10:01 -0500] "GET / HTTP/1.1" 404 994
127.0.0.1 - - [01/Dec/2015:16:10:23 -0500] "GET /Rideable/ride/user/a.a@a.com HTTP/1.1" 200 98
127.0.0.1 - - [01/Dec/2015:16:10:24 -0500] "GET /Rideable/ride/user/a.a@a.com HTTP/1.1" 200 98
127.0.0.1 - - [01/Dec/2015:16:13:51 -0500] "GET /Rideable/ride/user/a.a@a.com HTTP/1.1" 200 98
127.0.0.1 - - [01/Dec/2015:16:14:39 -0500] "POST /Rideable/ride/ad HTTP/1.1" 200 210
127.0.0.1 - - [01/Dec/2015:16:28:15 -0500] "GET / HTTP/1.1" 404 994
127.0.0.1 - - [01/Dec/2015:16:28:31 -0500] "GET /Rideable/ride/user/a.a@a.com HTTP/1.1" 500 5075
127.0.0.1 - - [01/Dec/2015:16:31:08 -0500] "GET / HTTP/1.1" 404 994
127.0.0.1 - - [01/Dec/2015:16:32:09 -0500] "GET /Rideable/ride/user/a.a@a.com HTTP/1.1" 500 7919
127.0.0.1 - - [01/Dec/2015:16:33:03 -0500] "GET / HTTP/1.1" 404 994
127.0.0.1 - - [01/Dec/2015:16:33:13 -0500] "GET /Rideable/ride/user/a.a@a.com HTTP/1.1" 200 98
127.0.0.1 - - [01/Dec/2015:16:33:14 -0500] "GET /Rideable/ride/user/a.a@a.com HTTP/1.1" 200 98
127.0.0.1 - - [01/Dec/2015:16:34:05 -0500] "POST /Rideable/ride/ad HTTP/1.1" 500 4237
127.0.0.1 - - [01/Dec/2015:16:36:08 -0500] "GET / HTTP/1.1" 404 994
127.0.0.1 - - [01/Dec/2015:16:36:16 -0500] "GET /Rideable/ride/user/a.a@a.com HTTP/1.1" 200 98
127.0.0.1 - - [01/Dec/2015:16:36:17 -0500] "GET /Rideable/ride/user/a.a@a.com HTTP/1.1" 200 98
127.0.0.1 - - [01/Dec/2015:16:36:55 -0500] "POST /Rideable/ride/ad HTTP/1.1" 500 4237
127.0.0.1 - - [01/Dec/2015:16:38:43 -0500] "GET /Rideable/ride/user/a.a@a.com HTTP/1.1" 200 98
127.0.0.1 - - [01/Dec/2015:16:39:17 -0500] "POST /Rideable/ride/ad HTTP/1.1" 500 4237
127.0.0.1 - - [01/Dec/2015:16:40:43 -0500] "GET / HTTP/1.1" 404 994
127.0.0.1 - - [01/Dec/2015:16:42:27 -0500] "GET /Rideable/ride/user/a.a@a.com HTTP/1.1" 200 98
127.0.0.1 - - [01/Dec/2015:16:42:29 -0500] "GET /Rideable/ride/user/a.a@a.com HTTP/1.1" 200 98
127.0.0.1 - - [01/Dec/2015:16:43:18 -0500] "POST /Rideable/ride/ad HTTP/1.1" 200 210
127.0.0.1 - - [01/Dec/2015:17:18:50 -0500] "GET /Rideable/ride/user/a.a@a.com HTTP/1.1" 500 5075
127.0.0.1 - - [01/Dec/2015:17:19:37 -0500] "GET / HTTP/1.1" 404 994
127.0.0.1 - - [01/Dec/2015:17:19:51 -0500] "GET /Rideable/ride/user/a.a@a.com HTTP/1.1" 200 211893
127.0.0.1 - - [01/Dec/2015:17:20:16 -0500] "GET /Rideable/ride/user/a.a@a.com HTTP/1.1" 200 203810
127.0.0.1 - - [01/Dec/2015:17:20:37 -0500] "GET /Rideable/ride/user/a.a@a.com HTTP/1.1" 200 209616
127.0.0.1 - - [01/Dec/2015:17:27:27 -0500] "GET / HTTP/1.1" 404 994
127.0.0.1 - - [01/Dec/2015:17:27:41 -0500] "GET /Rideable/ride/user/a.a@a.com HTTP/1.1" 200 213317
0:0:0:0:0:0:0:1 - - [01/Dec/2015:17:30:01 -0500] "GET /Rideable/ride/user HTTP/1.1" 200 8
0:0:0:0:0:0:0:1 - - [01/Dec/2015:17:30:06 -0500] "GET /Rideable/ride/user/a.a@a.com HTTP/1.1" 200 203649
127.0.0.1 - - [01/Dec/2015:17:33:52 -0500] "GET / HTTP/1.1" 404 994
127.0.0.1 - - [01/Dec/2015:17:34:22 -0500] "GET /Rideable/ride/user/a.a@a.com HTTP/1.1" 200 98
127.0.0.1 - - [01/Dec/2015:17:34:22 -0500] "POST /Rideable/ride/user HTTP/1.1" 200 98
127.0.0.1 - - [01/Dec/2015:17:34:29 -0500] "GET /Rideable/ride/user/a.a@a.com HTTP/1.1" 200 98
127.0.0.1 - - [01/Dec/2015:17:35:09 -0500] "POST /Rideable/ride/ad HTTP/1.1" 200 210
127.0.0.1 - - [01/Dec/2015:17:36:27 -0500] "GET /Rideable/ride/user/a.a@a.com HTTP/1.1" 200 212766
127.0.0.1 - - [01/Dec/2015:17:44:52 -0500] "GET / HTTP/1.1" 404 994
127.0.0.1 - - [01/Dec/2015:17:45:03 -0500] "GET /Rideable/ride/user/a.a@a.com HTTP/1.1" 200 213888
127.0.0.1 - - [01/Dec/2015:17:46:42 -0500] "GET / HTTP/1.1" 404 994
127.0.0.1 - - [01/Dec/2015:17:46:50 -0500] "GET /Rideable/ride/user/a.a@a.com HTTP/1.1" 200 214454
127.0.0.1 - - [01/Dec/2015:17:49:25 -0500] "GET / HTTP/1.1" 404 994
127.0.0.1 - - [01/Dec/2015:17:50:46 -0500] "GET /Rideable/ride/user/a.a@a.com HTTP/1.1" 200 89
127.0.0.1 - - [01/Dec/2015:17:50:50 -0500] "GET /Rideable/ride/user/a.a@a.com HTTP/1.1" 200 89
127.0.0.1 - - [01/Dec/2015:17:51:37 -0500] "POST /Rideable/ride/ad HTTP/1.1" 200 209
0:0:0:0:0:0:0:1 - - [01/Dec/2015:17:52:40 -0500] "GET /Rideable/ride/user/a.a@a.com HTTP/1.1" 200 89
127.0.0.1 - - [01/Dec/2015:18:03:19 -0500] "GET /Rideable/ride/user/a.a@a.com HTTP/1.1" 200 89
127.0.0.1 - - [01/Dec/2015:18:04:09 -0500] "GET /Rideable/ride/user/a.a@a.com HTTP/1.1" 200 89
127.0.0.1 - - [01/Dec/2015:18:39:18 -0500] "GET / HTTP/1.1" 404 994
0:0:0:0:0:0:0:1 - - [01/Dec/2015:19:19:44 -0500] "GET /Rideable/ride/user/a.a@a.com HTTP/1.1" 500 5041
127.0.0.1 - - [01/Dec/2015:19:25:12 -0500] "GET / HTTP/1.1" 404 994
127.0.0.1 - - [01/Dec/2015:19:25:57 -0500] "GET /Rideable/ride/user/a.a@a.com HTTP/1.1" 200 89
127.0.0.1 - - [01/Dec/2015:19:25:57 -0500] "POST /Rideable/ride/user HTTP/1.1" 200 89
127.0.0.1 - - [01/Dec/2015:19:26:02 -0500] "GET /Rideable/ride/user/a.a@a.com HTTP/1.1" 200 89
127.0.0.1 - - [01/Dec/2015:19:26:48 -0500] "POST /Rideable/ride/ad HTTP/1.1" 200 230
0:0:0:0:0:0:0:1 - - [01/Dec/2015:19:29:32 -0500] "GET /Rideable/ride/ad HTTP/1.1" 200 11
0:0:0:0:0:0:0:1 - - [01/Dec/2015:19:29:35 -0500] "GET /Rideable/ride/ad/null HTTP/1.1" 500 5019
127.0.0.1 - - [01/Dec/2015:19:32:40 -0500] "GET / HTTP/1.1" 404 994
0:0:0:0:0:0:0:1 - - [01/Dec/2015:19:33:01 -0500] "GET /Rideable/ride/ad/null HTTP/1.1" 200 2
127.0.0.1 - - [01/Dec/2015:19:38:34 -0500] "GET /Rideable/ride/user/a.a@a.com HTTP/1.1" 200 89
127.0.0.1 - - [01/Dec/2015:19:38:39 -0500] "GET /Rideable/ride/user/a.a@a.com HTTP/1.1" 200 89
127.0.0.1 - - [01/Dec/2015:19:39:08 -0500] "GET /Rideable/ride/user/a.a@a.com HTTP/1.1" 200 89
127.0.0.1 - - [01/Dec/2015:19:39:33 -0500] "GET /Rideable/ride/user/a.a@a.com HTTP/1.1" 200 89
0:0:0:0:0:0:0:1 - - [01/Dec/2015:19:40:03 -0500] "GET /Rideable/ride/user/a.a@a.com HTTP/1.1" 200 89
127.0.0.1 - - [01/Dec/2015:19:40:29 -0500] "GET /Rideable/ride/user/a.a@a.com HTTP/1.1" 200 89
127.0.0.1 - - [01/Dec/2015:19:40:51 -0500] "GET /Rideable/ride/user/a.a@a.com HTTP/1.1" 200 89
127.0.0.1 - - [01/Dec/2015:20:03:09 -0500] "GET / HTTP/1.1" 404 994
127.0.0.1 - - [01/Dec/2015:20:04:14 -0500] "GET /Rideable/ride/user/a.a@a.com HTTP/1.1" 200 89
127.0.0.1 - - [01/Dec/2015:20:04:17 -0500] "GET /Rideable/ride/user/a.a@a.com HTTP/1.1" 200 89
127.0.0.1 - - [01/Dec/2015:20:05:04 -0500] "POST /Rideable/ride/ad HTTP/1.1" 200 240
0:0:0:0:0:0:0:1 - - [01/Dec/2015:20:05:51 -0500] "GET /Rideable/ride/ad/Ottawa HTTP/1.1" 500 5019
127.0.0.1 - - [01/Dec/2015:20:08:09 -0500] "GET / HTTP/1.1" 404 994
0:0:0:0:0:0:0:1 - - [01/Dec/2015:20:08:25 -0500] "GET /Rideable/ride/ad/Ottawa HTTP/1.1" 400 192
127.0.0.1 - - [01/Dec/2015:20:10:39 -0500] "GET / HTTP/1.1" 404 994
0:0:0:0:0:0:0:1 - - [01/Dec/2015:20:10:49 -0500] "GET /Rideable/ride/ad/Ottawa HTTP/1.1" 500 1082
127.0.0.1 - - [01/Dec/2015:20:22:32 -0500] "GET / HTTP/1.1" 404 994
127.0.0.1 - - [01/Dec/2015:20:22:46 -0500] "GET / HTTP/1.1" 404 994
0:0:0:0:0:0:0:1 - - [01/Dec/2015:20:22:56 -0500] "GET /Rideable/ride/ad/Ottawa HTTP/1.1" 500 1082
127.0.0.1 - - [01/Dec/2015:20:28:52 -0500] "GET / HTTP/1.1" 404 994
0:0:0:0:0:0:0:1 - - [01/Dec/2015:20:29:05 -0500] "GET /Rideable/ride/ad/Ottawa HTTP/1.1" 500 6521
127.0.0.1 - - [01/Dec/2015:20:33:50 -0500] "GET / HTTP/1.1" 404 994
0:0:0:0:0:0:0:1 - - [01/Dec/2015:20:34:35 -0500] "GET /Rideable/ride/ad/Ottawa HTTP/1.1" 400 192
127.0.0.1 - - [01/Dec/2015:20:37:56 -0500] "GET / HTTP/1.1" 404 994
0:0:0:0:0:0:0:1 - - [01/Dec/2015:20:38:06 -0500] "GET /Rideable/ride/ad/Ottawa HTTP/1.1" 400 192
0:0:0:0:0:0:0:1 - - [01/Dec/2015:20:38:08 -0500] "GET /Rideable/ride/ad/Ottawa HTTP/1.1" 400 192
127.0.0.1 - - [01/Dec/2015:21:16:10 -0500] "GET / HTTP/1.1" 404 994
0:0:0:0:0:0:0:1 - - [01/Dec/2015:21:16:22 -0500] "GET /Rideable/ride/ad/Ottawa HTTP/1.1" 400 198
127.0.0.1 - - [01/Dec/2015:21:19:07 -0500] "GET / HTTP/1.1" 404 994
0:0:0:0:0:0:0:1 - - [01/Dec/2015:21:20:26 -0500] "GET /Rideable/ride/ad/Ottawa HTTP/1.1" 400 198
127.0.0.1 - - [01/Dec/2015:21:21:39 -0500] "GET / HTTP/1.1" 404 994
0:0:0:0:0:0:0:1 - - [01/Dec/2015:21:21:48 -0500] "GET /Rideable/ride/ad/Ottawa HTTP/1.1" 400 168
0:0:0:0:0:0:0:1 - - [01/Dec/2015:21:22:38 -0500] "GET /Rideable/ride/ad/Ottawa HTTP/1.1" 200 227
127.0.0.1 - - [01/Dec/2015:21:23:59 -0500] "GET / HTTP/1.1" 404 994
0:0:0:0:0:0:0:1 - - [01/Dec/2015:21:24:05 -0500] "GET /Rideable/ride/ad/Ottawa HTTP/1.1" 200 229
127.0.0.1 - - [01/Dec/2015:21:27:01 -0500] "GET / HTTP/1.1" 404 994
0:0:0:0:0:0:0:1 - - [01/Dec/2015:21:27:11 -0500] "GET /Rideable/ride/ad/Ottawa HTTP/1.1" 200 229
127.0.0.1 - - [01/Dec/2015:21:29:41 -0500] "GET / HTTP/1.1" 404 994
0:0:0:0:0:0:0:1 - - [01/Dec/2015:21:29:50 -0500] "GET /Rideable/ride/ad/Ottawa HTTP/1.1" 200 42
127.0.0.1 - - [01/Dec/2015:21:34:02 -0500] "GET / HTTP/1.1" 404 994
0:0:0:0:0:0:0:1 - - [01/Dec/2015:21:34:10 -0500] "GET /Rideable/ride/ad/Ottawa HTTP/1.1" 500 6003
127.0.0.1 - - [01/Dec/2015:21:51:39 -0500] "GET / HTTP/1.1" 404 994
0:0:0:0:0:0:0:1 - - [01/Dec/2015:21:51:54 -0500] "GET /Rideable/ride/ad/Ottawa HTTP/1.1" 200 229
127.0.0.1 - - [01/Dec/2015:23:25:50 -0500] "GET / HTTP/1.1" 404 994
0:0:0:0:0:0:0:1 - - [01/Dec/2015:23:26:28 -0500] "GET /Rideable/ride/ad/Ottawa/Toronto HTTP/1.1" 200 229
127.0.0.1 - - [01/Dec/2015:23:32:30 -0500] "GET /Rideable/ride/user/a.a@a.com HTTP/1.1" 200 89
127.0.0.1 - - [01/Dec/2015:23:37:54 -0500] "GET /Rideable/ride/user/a.a@a.com HTTP/1.1" 200 89
127.0.0.1 - - [01/Dec/2015:23:46:51 -0500] "GET /Rideable/ride/user/a.a@a.com HTTP/1.1" 200 89
127.0.0.1 - - [01/Dec/2015:23:52:19 -0500] "GET /Rideable/ride/user/a.a@a.com HTTP/1.1" 200 89
127.0.0.1 - - [01/Dec/2015:23:54:28 -0500] "GET /Rideable/ride/user/a.a@a.com HTTP/1.1" 200 89
127.0.0.1 - - [01/Dec/2015:23:56:04 -0500] "GET /Rideable/ride/user/a.a@a.com HTTP/1.1" 200 89
127.0.0.1 - - [01/Dec/2015:23:56:27 -0500] "GET /Rideable/ride/ad/Ottawa/Toronto HTTP/1.1" 200 229
